2026-01-27 00:31:36 INFO  com.revplay.Main - Starting revplay
2026-01-27 00:39:10 INFO  com.revplay.Main - RevPlay started successfully
2026-01-28 14:27:15 INFO  com.revplay.Main - RevPlay started successfully
2026-01-28 14:27:40 INFO  com.revplay.controller.UserController - starting user login
2026-01-28 14:27:57 INFO  com.revplay.controller.UserController - fetching songs
2026-01-28 14:28:06 INFO  com.revplay.controller.UserController - fetching favourite songs
2026-01-28 14:28:21 INFO  com.revplay.controller.UserController - searching songs by genre
2026-01-28 14:31:34 INFO  com.revplay.Main - RevPlay started successfully
2026-01-28 14:31:39 INFO  com.revplay.Main - closing RevPlay!
2026-01-28 14:43:57 INFO  com.revplay.Main - RevPlay started successfully
2026-01-28 14:44:14 INFO  com.revplay.controller.UserController - starting user login
2026-01-28 14:44:23 INFO  com.revplay.Main - closing RevPlay!
2026-01-28 15:05:11 INFO  com.revplay.Main - RevPlay started successfully
2026-01-28 15:05:26 INFO  com.revplay.controller.UserController - starting user login
2026-01-28 15:05:30 INFO  com.revplay.controller.UserController - fetching songs
2026-01-28 15:05:33 INFO  com.revplay.controller.UserController - playing song
2026-01-28 15:05:33 INFO  com.revplay.controller.UserController - fetching song by song id
2026-01-28 15:06:07 INFO  com.revplay.Main - closing RevPlay!
2026-01-28 15:07:38 INFO  com.revplay.Main - RevPlay started successfully
2026-01-28 15:07:51 INFO  com.revplay.controller.UserController - starting user login
2026-01-28 15:07:54 INFO  com.revplay.controller.UserController - fetching songs
2026-01-28 15:07:59 INFO  com.revplay.controller.UserController - playing song
2026-01-28 15:13:27 INFO  com.revplay.controller.UserController - starting user registration
2026-01-28 15:20:04 INFO  com.revplay.Main - RevPlay started successfully
2026-01-28 15:20:45 INFO  com.revplay.controller.UserController - starting user registration
2026-01-28 15:21:01 INFO  com.revplay.controller.UserController - starting user login
2026-01-28 15:21:22 INFO  com.revplay.Main - RevPlay started successfully
2026-01-28 15:21:34 INFO  com.revplay.controller.UserController - starting user login
2026-01-28 15:21:38 INFO  com.revplay.controller.UserController - fetching favourite songs
2026-01-28 15:22:08 INFO  com.revplay.Main - closing RevPlay!
2026-01-28 15:23:03 INFO  com.revplay.Main - RevPlay started successfully
2026-01-28 15:23:21 INFO  com.revplay.controller.UserController - starting user login
2026-01-28 15:23:23 INFO  com.revplay.Main - opening playlist manager
2026-01-28 15:23:32 INFO  com.revplay.controller.UserController - fetching all playlist
2026-01-28 15:23:45 INFO  com.revplay.controller.UserController - fetching public playlist by other user
2026-01-28 15:34:07 INFO  com.revplay.Main - RevPlay started successfully
2026-01-28 15:34:21 INFO  com.revplay.controller.UserController - starting user login
2026-01-28 15:34:26 INFO  com.revplay.Main - opening playlist manager
2026-01-28 15:34:28 INFO  com.revplay.controller.UserController - fetching all playlist
2026-01-28 15:34:31 INFO  com.revplay.controller.UserController - fetching public playlist by other user
2026-01-28 15:34:44 INFO  com.revplay.controller.UserController - fetching public playlist by other user
2026-01-28 15:34:47 INFO  com.revplay.controller.UserController - fetching songs in playlist
2026-01-28 15:35:57 INFO  com.revplay.Main - closing RevPlay!
2026-01-28 15:45:30 INFO  com.revplay.controller.UserController - starting user login
2026-01-28 15:48:11 INFO  com.revplay.controller.UserController - starting user login
2026-01-28 15:48:28 INFO  com.revplay.controller.UserController - starting user login
2026-01-28 15:50:03 INFO  com.revplay.controller.UserController - starting user login
2026-01-28 15:50:41 INFO  com.revplay.controller.UserController - starting user login
2026-01-28 15:54:22 INFO  com.revplay.controller.UserController - starting user login
2026-01-28 15:55:37 INFO  com.revplay.controller.UserController - starting user login
2026-01-28 15:55:55 INFO  com.revplay.controller.UserController - starting user login
2026-01-28 15:56:40 INFO  com.revplay.controller.UserController - starting user registration
2026-01-28 15:56:49 INFO  com.revplay.controller.UserController - starting user login
2026-01-28 15:58:43 INFO  com.revplay.controller.UserController - starting user login
2026-01-28 15:58:43 INFO  com.revplay.controller.UserController - starting user registration
2026-01-28 15:59:37 INFO  com.revplay.controller.UserController - starting user login
2026-01-28 15:59:37 INFO  com.revplay.controller.UserController - starting user registration
2026-01-28 15:59:48 INFO  com.revplay.Main - RevPlay started successfully
2026-01-28 16:00:05 INFO  com.revplay.controller.ArtistController - started artist login
2026-01-28 16:00:37 INFO  com.revplay.Main - RevPlay started successfully
2026-01-28 16:01:02 INFO  com.revplay.controller.ArtistController - started artist login
2026-01-28 16:01:10 INFO  com.revplay.controller.ArtistController - fetching all albums of artist
2026-01-28 16:01:48 INFO  com.revplay.controller.ArtistController - fetching user who marked my song favourite
2026-01-28 16:01:54 INFO  com.revplay.controller.ArtistController - fetching song statistics
2026-01-28 16:01:57 INFO  com.revplay.controller.ArtistController - fetching all songs of artist
2026-01-31 10:00:45 INFO  com.revplay.Main - RevPlay started successfully
2026-01-31 10:01:41 INFO  com.revplay.Main - closing RevPlay!
2026-01-31 10:03:48 INFO  com.revplay.Main - RevPlay started successfully
2026-01-31 10:04:21 INFO  com.revplay.Main - closing RevPlay!
2026-01-31 10:05:02 INFO  com.revplay.Main - RevPlay started successfully
2026-01-31 10:05:30 INFO  com.revplay.Main - closing RevPlay!
2026-01-31 10:16:57 INFO  com.revplay.Main - RevPlay started successfully
2026-01-31 10:17:36 INFO  com.revplay.Main - closing RevPlay!
2026-01-31 10:18:46 INFO  com.revplay.Main - RevPlay started successfully
2026-01-31 10:18:57 INFO  com.revplay.controller.UserController - finding user
2026-01-31 10:19:12 INFO  com.revplay.controller.UserController - finding user
2026-01-31 10:19:22 INFO  com.revplay.controller.UserController - Reseting password
2026-01-31 10:19:26 INFO  com.revplay.Main - closing RevPlay!
2026-01-31 11:18:49 INFO  com.revplay.Main - RevPlay started successfully
2026-01-31 11:18:56 INFO  com.revplay.Main - closing RevPlay!
2026-01-31 12:16:10 INFO  com.revplay.Main - RevPlay started successfully
2026-01-31 12:16:59 INFO  com.revplay.controller.UserController - starting user registration
2026-01-31 12:17:31 INFO  com.revplay.controller.UserController - starting user login
2026-01-31 12:17:54 INFO  com.revplay.controller.UserController - fetching songs
2026-01-31 12:18:13 INFO  com.revplay.controller.UserController - playing song
2026-01-31 12:18:31 INFO  com.revplay.controller.UserController - marking song favourite
2026-01-31 12:18:41 INFO  com.revplay.controller.UserController - fetching all playlist
2026-01-31 12:18:56 INFO  com.revplay.controller.UserController - adding to playlist
2026-01-31 12:19:07 INFO  com.revplay.Main - opening playlist manager
2026-01-31 12:19:29 INFO  com.revplay.controller.UserController - fetching all playlist
2026-01-31 12:19:36 INFO  com.revplay.controller.UserController - deleting playlist
2026-01-31 12:19:46 INFO  com.revplay.controller.UserController - fetching all playlist
2026-01-31 12:19:59 INFO  com.revplay.controller.UserController - fetching recent played songs
2026-01-31 12:20:09 INFO  com.revplay.controller.UserController - fetching listening history
2026-01-31 12:21:08 INFO  com.revplay.controller.ArtistController - started artist registration
2026-01-31 12:21:29 INFO  com.revplay.controller.ArtistController - started artist login
2026-01-31 12:21:53 INFO  com.revplay.controller.ArtistController - fetching all albums of artist
2026-01-31 12:22:21 INFO  com.revplay.controller.ArtistController - started song uploading
2026-01-31 12:22:33 INFO  com.revplay.controller.ArtistController - fetching all songs of artist
2026-01-31 12:22:47 INFO  com.revplay.controller.ArtistController - fetching user who marked my song favourite
2026-01-31 12:22:59 INFO  com.revplay.controller.ArtistController - fetching all albums of artist
2026-01-31 12:23:11 INFO  com.revplay.controller.ArtistController - fetching song statistics
2026-01-31 12:23:40 INFO  com.revplay.controller.UserController - finding user
2026-01-31 12:23:55 INFO  com.revplay.controller.UserController - finding user
2026-01-31 12:24:27 INFO  com.revplay.controller.UserController - Reseting password
2026-01-31 12:31:33 INFO  com.revplay.Main - closing RevPlay!
